// Jest Snapshot v1, https://goo.gl/fbAQLP

exports[`RecipeList component match previous RecipeList snapshot 1`] = `"0"`;
